# serializer version: 1
# name: test_updating_entry_during_setup
  ConfigEntrySnapshot({
    'data': dict({
      'address': '00:00:00:00:AB:CD',
      'firmware_version': <SnoozFirmwareVersion.V2: 2>,
      'model': <SnoozDeviceModel.ORIGINAL: 1>,
      'token': 'deadbeefdeadbeef',
    }),
    'disabled_by': None,
    'domain': 'snooz',
    'entry_id': <ANY>,
    'options': dict({
    }),
    'pref_disable_new_entities': False,
    'pref_disable_polling': False,
    'source': 'user',
    'title': 'Mock Title',
    'unique_id': '00:00:00:00:AB:CD',
    'version': 1,
  })
# ---
